<div class="bg-white border border-gray-200 dark:bg-gray-800 dark:border-gray-700 p-5 print:bg-transparent print:border-0 print:shadow-none shadow-xs"><dl><div class="mt-1 flex flex-col"><dt class="text-sm font-medium text-gray-500 dark:text-gray-400 truncate">Events</dt><dd id="stat-total-events" class="text-2xl font-semibold text-gray-900 dark:text-white">1234 </dd></div></dl></div>